----- 2026-02-04 15:08:01 auto-backup start -----
whoami=root pwd=/root/building-task-manager
date: extra operand ‘%H:%M’
Try 'date --help' for more information.
[main 7871651] auto-backup:
 3 files changed, 43 insertions(+), 10 deletions(-)
 create mode 100644 auto-backup.log
 create mode 100755 scripts/auto-backup.sh.bak.20260204-150752
To github.com:sebretu/building-task-manager.git
   20373e1..7871651  HEAD -> main
To github.com:sebretu/building-task-manager.git
 * [new tag]         auto-backup-20260204-1508 -> auto-backup-20260204-1508
done
----- 2026-02-04 15:09:01 auto-backup start -----
whoami=root pwd=/root/building-task-manager
date: extra operand ‘%H:%M’
Try 'date --help' for more information.
[main 5b1ff15] auto-backup:
 1 file changed, 13 insertions(+)
To github.com:sebretu/building-task-manager.git
   7871651..5b1ff15  HEAD -> main
To github.com:sebretu/building-task-manager.git
 * [new tag]         auto-backup-20260204-1509 -> auto-backup-20260204-1509
done
----- 2026-02-04 15:10:01 auto-backup start -----
whoami=root pwd=/root/building-task-manager
date: extra operand ‘%H:%M’
Try 'date --help' for more information.
[main c6b0d80] auto-backup:
 1 file changed, 11 insertions(+)
To github.com:sebretu/building-task-manager.git
   5b1ff15..c6b0d80  HEAD -> main
To github.com:sebretu/building-task-manager.git
 * [new tag]         auto-backup-20260204-1510 -> auto-backup-20260204-1510
done
----- 2026-02-04 15:11:01 auto-backup start -----
whoami=root pwd=/root/building-task-manager
date: extra operand ‘%H:%M’
Try 'date --help' for more information.
[main 99ca60a] auto-backup:
 1 file changed, 11 insertions(+)
To github.com:sebretu/building-task-manager.git
   c6b0d80..99ca60a  HEAD -> main
To github.com:sebretu/building-task-manager.git
 * [new tag]         auto-backup-20260204-1511 -> auto-backup-20260204-1511
done
----- 2026-02-04 15:12:01 auto-backup start -----
whoami=root pwd=/root/building-task-manager
date: extra operand ‘%H:%M’
Try 'date --help' for more information.
[main 85f6b81] auto-backup:
 3 files changed, 28 insertions(+)
 create mode 100644 .github/workflows/.tiles-lock.yml.swp
 create mode 100644 .github/workflows/tiles-lock.yml.bak.20260204-151150
To github.com:sebretu/building-task-manager.git
   99ca60a..85f6b81  HEAD -> main
To github.com:sebretu/building-task-manager.git
 * [new tag]         auto-backup-20260204-1512 -> auto-backup-20260204-1512
done
----- 2026-02-04 15:13:01 auto-backup start -----
whoami=root pwd=/root/building-task-manager
date: extra operand ‘%H:%M’
Try 'date --help' for more information.
[main 448e2cf] auto-backup:
 3 files changed, 29 insertions(+), 3 deletions(-)
 delete mode 100644 .github/workflows/.tiles-lock.yml.swp
To github.com:sebretu/building-task-manager.git
   85f6b81..448e2cf  HEAD -> main
To github.com:sebretu/building-task-manager.git
 * [new tag]         auto-backup-20260204-1513 -> auto-backup-20260204-1513
done
----- 2026-02-04 15:14:01 auto-backup start -----
whoami=root pwd=/root/building-task-manager
date: extra operand ‘%H:%M’
Try 'date --help' for more information.
[main 7708f21] auto-backup:
 1 file changed, 12 insertions(+)
To github.com:sebretu/building-task-manager.git
   448e2cf..7708f21  HEAD -> main
To github.com:sebretu/building-task-manager.git
 * [new tag]         auto-backup-20260204-1514 -> auto-backup-20260204-1514
done
----- 2026-02-04 15:15:01 auto-backup start -----
whoami=root pwd=/root/building-task-manager
date: extra operand ‘%H:%M’
Try 'date --help' for more information.
[main 2361398] auto-backup:
 2 files changed, 74 insertions(+)
 create mode 100755 tools/tiles-lock.sh.bak.20260204-151441
To github.com:sebretu/building-task-manager.git
   fd5ee5c..2361398  HEAD -> main
To github.com:sebretu/building-task-manager.git
 * [new tag]         auto-backup-20260204-1515 -> auto-backup-20260204-1515
done
----- 2026-02-04 15:16:01 auto-backup start -----
whoami=root pwd=/root/building-task-manager
date: extra operand ‘%H:%M’
Try 'date --help' for more information.
[main 1a7a77d] auto-backup:
 1 file changed, 12 insertions(+)
To github.com:sebretu/building-task-manager.git
   2361398..1a7a77d  HEAD -> main
To github.com:sebretu/building-task-manager.git
 * [new tag]         auto-backup-20260204-1516 -> auto-backup-20260204-1516
done
----- 2026-02-04 15:17:01 auto-backup start -----
whoami=root pwd=/root/building-task-manager
date: extra operand ‘%H:%M’
Try 'date --help' for more information.
[main e134d4c] auto-backup:
 1 file changed, 11 insertions(+)
To github.com:sebretu/building-task-manager.git
   1a7a77d..e134d4c  HEAD -> main
To github.com:sebretu/building-task-manager.git
 * [new tag]         auto-backup-20260204-1517 -> auto-backup-20260204-1517
done
----- 2026-02-04 15:18:01 auto-backup start -----
whoami=root pwd=/root/building-task-manager
date: extra operand ‘%H:%M’
Try 'date --help' for more information.
[main c07cd00] auto-backup:
 1 file changed, 11 insertions(+)
To github.com:sebretu/building-task-manager.git
   e134d4c..c07cd00  HEAD -> main
To github.com:sebretu/building-task-manager.git
 * [new tag]         auto-backup-20260204-1518 -> auto-backup-20260204-1518
done
----- 2026-02-04 15:19:01 auto-backup start -----
whoami=root pwd=/root/building-task-manager
date: extra operand ‘%H:%M’
Try 'date --help' for more information.
[main 6f15b4f] auto-backup:
 1 file changed, 11 insertions(+)
To github.com:sebretu/building-task-manager.git
   c07cd00..6f15b4f  HEAD -> main
To github.com:sebretu/building-task-manager.git
 * [new tag]         auto-backup-20260204-1519 -> auto-backup-20260204-1519
done
----- 2026-02-04 15:20:01 auto-backup start -----
whoami=root pwd=/root/building-task-manager
date: extra operand ‘%H:%M’
Try 'date --help' for more information.
[main a6699b3] auto-backup:
 1 file changed, 11 insertions(+)
To github.com:sebretu/building-task-manager.git
   6f15b4f..a6699b3  HEAD -> main
To github.com:sebretu/building-task-manager.git
 * [new tag]         auto-backup-20260204-1520 -> auto-backup-20260204-1520
done
----- 2026-02-04 15:21:01 auto-backup start -----
whoami=root pwd=/root/building-task-manager
