
> web@0.1.0 build
> next build

▲ Next.js 16.1.6 (Turbopack)
- Environments: .env.local

  Creating an optimized production build ...
Found 1 warning while optimizing generated CSS:

[2m│   }[22m
[2m│ }[22m
[2m│[22m @import url("https://fonts.googleapis.com/css2?family=Source+Sans+3:wght@400;600;700;800&display=swap");
[2m┆[22m        [33m[2m^--[22m @import rules must precede all rules aside from @charset and @layer statements[39m
[2m┆[22m
[2m│ [data-theme="dark-blue"] {[22m
[2m│   --ui-bg: #94a3b8;[22m

Turbopack build encountered 7 warnings:
./src/app/api/tiles/[planId]/[z]/[x]/[y].png/route.ts:169:22
The file pattern ('/ROOT/private_tiles/' <dynamic> '/' <dynamic> '/' <dynamic> '/' <dynamic> '.png' | '/ROOT/private_tiles' <dynamic> '/' <dynamic> '/' <dynamic> '/' <dynamic> '.png' | '/ROOT/private_tiles/' <dynamic> '/' <dynamic> '/' <dynamic> '.png' | '/ROOT/private_tiles' <dynamic> '/' <dynamic> '/' <dynamic> '.png' | '/ROOT/private_tiles/' <dynamic> '/' <dynamic> '/' <dynamic> '.png' | '/ROOT/private_tiles' <dynamic> '/' <dynamic> '/' <dynamic> '.png' | '/ROOT/private_tiles/' <dynamic> '/' <dynamic> '.png' | '/ROOT/private_tiles' <dynamic> '/' <dynamic> '.png' | '/ROOT/private_tiles/' <dynamic> '/' <dynamic> '/' <dynamic> '.png' | '/ROOT/private_tiles' <dynamic> '/' <dynamic> '/' <dynamic> '.png' | '/ROOT/private_tiles/' <dynamic> '/' <dynamic> '.png' | '/ROOT/private_tiles' <dynamic> '/' <dynamic> '.png' | '/ROOT/private_tiles/' <dynamic> '/' <dynamic> '.png' | '/ROOT/private_tiles' <dynamic> '/' <dynamic> '.png' | '/ROOT/private_tiles/' <dynamic> '.png' | '/ROOT/private_tiles' <dynamic> '.png') matches 85603 files in [project]/
[0m [90m 167 |[39m     }
 [90m 168 |[39m
[31m[1m>[22m[39m[90m 169 |[39m     [36mconst[39m tilePath [33m=[39m path[33m.[39mjoin(base[33m,[39m [33mString[39m(zNum)[33m,[39m [33mString[39m(xNum)[33m,[39m [32m`${yNum}.png`[39m)[33m;[39m
 [90m     |[39m                      [31m[1m^[22m[39m[31m[1m^[22m[39m[31m[1m^[22m[39m[31m[1m^[22m[39m[31m[1m^[22m[39m[31m[1m^[22m[39m[31m[1m^[22m[39m[31m[1m^[22m[39m[31m[1m^[22m[39m[31m[1m^[22m[39m[31m[1m^[22m[39m[31m[1m^[22m[39m[31m[1m^[22m[39m[31m[1m^[22m[39m[31m[1m^[22m[39m[31m[1m^[22m[39m[31m[1m^[22m[39m[31m[1m^[22m[39m[31m[1m^[22m[39m[31m[1m^[22m[39m[31m[1m^[22m[39m[31m[1m^[22m[39m[31m[1m^[22m[39m[31m[1m^[22m[39m[31m[1m^[22m[39m[31m[1m^[22m[39m[31m[1m^[22m[39m[31m[1m^[22m[39m[31m[1m^[22m[39m[31m[1m^[22m[39m[31m[1m^[22m[39m[31m[1m^[22m[39m[31m[1m^[22m[39m[31m[1m^[22m[39m[31m[1m^[22m[39m[31m[1m^[22m[39m[31m[1m^[22m[39m[31m[1m^[22m[39m[31m[1m^[22m[39m[31m[1m^[22m[39m[31m[1m^[22m[39m[31m[1m^[22m[39m[31m[1m^[22m[39m[31m[1m^[22m[39m[31m[1m^[22m[39m[31m[1m^[22m[39m[31m[1m^[22m[39m[31m[1m^[22m[39m[31m[1m^[22m[39m[31m[1m^[22m[39m[31m[1m^[22m[39m[31m[1m^[22m[39m[31m[1m^[22m[39m[31m[1m^[22m[39m[31m[1m^[22m[39m[31m[1m^[22m[39m[31m[1m^[22m[39m[31m[1m^[22m[39m
 [90m 170 |[39m     [36mif[39m ([33m![39mfs[33m.[39mexistsSync(tilePath)) {
 [90m 171 |[39m       [36mreturn[39m transparent()[33m;[39m
 [90m 172 |[39m     }[0m

Overly broad patterns can lead to build performance issues and over bundling.


./src/app/api/tiles/[planId]/[z]/[x]/[y].png/route.ts:170:10
The file pattern ('/ROOT/private_tiles/' <dynamic> '/' <dynamic> '/' <dynamic> '/' <dynamic> '.png' | '/ROOT/private_tiles' <dynamic> '/' <dynamic> '/' <dynamic> '/' <dynamic> '.png' | '/ROOT/private_tiles/' <dynamic> '/' <dynamic> '/' <dynamic> '.png' | '/ROOT/private_tiles' <dynamic> '/' <dynamic> '/' <dynamic> '.png' | '/ROOT/private_tiles/' <dynamic> '/' <dynamic> '/' <dynamic> '.png' | '/ROOT/private_tiles' <dynamic> '/' <dynamic> '/' <dynamic> '.png' | '/ROOT/private_tiles/' <dynamic> '/' <dynamic> '.png' | '/ROOT/private_tiles' <dynamic> '/' <dynamic> '.png' | '/ROOT/private_tiles/' <dynamic> '/' <dynamic> '/' <dynamic> '.png' | '/ROOT/private_tiles' <dynamic> '/' <dynamic> '/' <dynamic> '.png' | '/ROOT/private_tiles/' <dynamic> '/' <dynamic> '.png' | '/ROOT/private_tiles' <dynamic> '/' <dynamic> '.png' | '/ROOT/private_tiles/' <dynamic> '/' <dynamic> '.png' | '/ROOT/private_tiles' <dynamic> '/' <dynamic> '.png' | '/ROOT/private_tiles/' <dynamic> '.png' | '/ROOT/private_tiles' <dynamic> '.png') matches 85603 files in [project]/
[0m [90m 168 |[39m
 [90m 169 |[39m     [36mconst[39m tilePath [33m=[39m path[33m.[39mjoin(base[33m,[39m [33mString[39m(zNum)[33m,[39m [33mString[39m(xNum)[33m,[39m [32m`${yNum}.png`[39m)[33m;[39m
[31m[1m>[22m[39m[90m 170 |[39m     [36mif[39m ([33m![39mfs[33m.[39mexistsSync(tilePath)) {
 [90m     |[39m          [31m[1m^[22m[39m[31m[1m^[22m[39m[31m[1m^[22m[39m[31m[1m^[22m[39m[31m[1m^[22m[39m[31m[1m^[22m[39m[31m[1m^[22m[39m[31m[1m^[22m[39m[31m[1m^[22m[39m[31m[1m^[22m[39m[31m[1m^[22m[39m[31m[1m^[22m[39m[31m[1m^[22m[39m[31m[1m^[22m[39m[31m[1m^[22m[39m[31m[1m^[22m[39m[31m[1m^[22m[39m[31m[1m^[22m[39m[31m[1m^[22m[39m[31m[1m^[22m[39m[31m[1m^[22m[39m[31m[1m^[22m[39m[31m[1m^[22m[39m
 [90m 171 |[39m       [36mreturn[39m transparent()[33m;[39m
 [90m 172 |[39m     }
 [90m 173 |[39m[0m

Overly broad patterns can lead to build performance issues and over bundling.


./src/app/api/tiles/[planId]/[z]/[x]/[y].png/route.ts:174:17
The file pattern ('/ROOT/private_tiles/' <dynamic> '/' <dynamic> '/' <dynamic> '/' <dynamic> '.png' | '/ROOT/private_tiles' <dynamic> '/' <dynamic> '/' <dynamic> '/' <dynamic> '.png' | '/ROOT/private_tiles/' <dynamic> '/' <dynamic> '/' <dynamic> '.png' | '/ROOT/private_tiles' <dynamic> '/' <dynamic> '/' <dynamic> '.png' | '/ROOT/private_tiles/' <dynamic> '/' <dynamic> '/' <dynamic> '.png' | '/ROOT/private_tiles' <dynamic> '/' <dynamic> '/' <dynamic> '.png' | '/ROOT/private_tiles/' <dynamic> '/' <dynamic> '.png' | '/ROOT/private_tiles' <dynamic> '/' <dynamic> '.png' | '/ROOT/private_tiles/' <dynamic> '/' <dynamic> '/' <dynamic> '.png' | '/ROOT/private_tiles' <dynamic> '/' <dynamic> '/' <dynamic> '.png' | '/ROOT/private_tiles/' <dynamic> '/' <dynamic> '.png' | '/ROOT/private_tiles' <dynamic> '/' <dynamic> '.png' | '/ROOT/private_tiles/' <dynamic> '/' <dynamic> '.png' | '/ROOT/private_tiles' <dynamic> '/' <dynamic> '.png' | '/ROOT/private_tiles/' <dynamic> '.png' | '/ROOT/private_tiles' <dynamic> '.png') matches 85603 files in [project]/
[0m [90m 172 |[39m     }
 [90m 173 |[39m
[31m[1m>[22m[39m[90m 174 |[39m     [36mconst[39m buf [33m=[39m fs[33m.[39mreadFileSync(tilePath)[33m;[39m
 [90m     |[39m                 [31m[1m^[22m[39m[31m[1m^[22m[39m[31m[1m^[22m[39m[31m[1m^[22m[39m[31m[1m^[22m[39m[31m[1m^[22m[39m[31m[1m^[22m[39m[31m[1m^[22m[39m[31m[1m^[22m[39m[31m[1m^[22m[39m[31m[1m^[22m[39m[31m[1m^[22m[39m[31m[1m^[22m[39m[31m[1m^[22m[39m[31m[1m^[22m[39m[31m[1m^[22m[39m[31m[1m^[22m[39m[31m[1m^[22m[39m[31m[1m^[22m[39m[31m[1m^[22m[39m[31m[1m^[22m[39m[31m[1m^[22m[39m[31m[1m^[22m[39m[31m[1m^[22m[39m[31m[1m^[22m[39m
 [90m 175 |[39m     [36mreturn[39m pngResponse(buf[33m,[39m tilePath)[33m;[39m
 [90m 176 |[39m   } [36mcatch[39m (e[33m:[39m any) {
 [90m 177 |[39m     [90m// console.error("[tiles app] error:", e);[39m[0m

Overly broad patterns can lead to build performance issues and over bundling.


./src/pages/api/plans.ts:139:20
The file pattern ('/ROOT/private_tiles/' <dynamic> | '/ROOT/private_tiles' <dynamic> | '/ROOT/private_tiles/' | '/ROOT/private_tiles') matches 21430 files in [project]/
[0m [90m 137 |[39m   }
 [90m 138 |[39m
[31m[1m>[22m[39m[90m 139 |[39m   [36mconst[39m tilesDir [33m=[39m path[33m.[39mjoin(process[33m.[39mcwd()[33m,[39m [32m"private_tiles"[39m[33m,[39m planId)[33m;[39m
 [90m     |[39m                    [31m[1m^[22m[39m[31m[1m^[22m[39m[31m[1m^[22m[39m[31m[1m^[22m[39m[31m[1m^[22m[39m[31m[1m^[22m[39m[31m[1m^[22m[39m[31m[1m^[22m[39m[31m[1m^[22m[39m[31m[1m^[22m[39m[31m[1m^[22m[39m[31m[1m^[22m[39m[31m[1m^[22m[39m[31m[1m^[22m[39m[31m[1m^[22m[39m[31m[1m^[22m[39m[31m[1m^[22m[39m[31m[1m^[22m[39m[31m[1m^[22m[39m[31m[1m^[22m[39m[31m[1m^[22m[39m[31m[1m^[22m[39m[31m[1m^[22m[39m[31m[1m^[22m[39m[31m[1m^[22m[39m[31m[1m^[22m[39m[31m[1m^[22m[39m[31m[1m^[22m[39m[31m[1m^[22m[39m[31m[1m^[22m[39m[31m[1m^[22m[39m[31m[1m^[22m[39m[31m[1m^[22m[39m[31m[1m^[22m[39m[31m[1m^[22m[39m[31m[1m^[22m[39m[31m[1m^[22m[39m[31m[1m^[22m[39m[31m[1m^[22m[39m[31m[1m^[22m[39m[31m[1m^[22m[39m[31m[1m^[22m[39m[31m[1m^[22m[39m[31m[1m^[22m[39m[31m[1m^[22m[39m[31m[1m^[22m[39m[31m[1m^[22m[39m[31m[1m^[22m[39m[31m[1m^[22m[39m
 [90m 140 |[39m   [36mawait[39m fs[33m.[39mrm(tilesDir[33m,[39m { recursive[33m:[39m [36mtrue[39m[33m,[39m force[33m:[39m [36mtrue[39m })[33m.[39m[36mcatch[39m(() [33m=>[39m { })[33m;[39m
 [90m 141 |[39m
 [90m 142 |[39m   [36mconst[39m { data[33m:[39m replacement[33m,[39m error[33m:[39m replacementError } [33m=[39m [36mawait[39m admin[0m

Overly broad patterns can lead to build performance issues and over bundling.


./src/pages/api/plans/upload.ts:152:11
The file pattern ('/ROOT/private_tiles/' <dynamic> | '/ROOT/private_tiles' <dynamic>) matches 10715 files in [project]/
[0m [90m 150 |[39m       [90m// 2b) WAŻNE: usuń alpha z wygenerowanych kafli (naprawa “siwe” + kratka)[39m
 [90m 151 |[39m       [36mconst[39m tilesDir [33m=[39m path[33m.[39mjoin(webRoot[33m,[39m [32m"private_tiles"[39m[33m,[39m opts[33m.[39mplanId)[33m;[39m
[31m[1m>[22m[39m[90m 152 |[39m       [36mif[39m (fsSync[33m.[39mexistsSync(tilesDir)) {
 [90m     |[39m           [31m[1m^[22m[39m[31m[1m^[22m[39m[31m[1m^[22m[39m[31m[1m^[22m[39m[31m[1m^[22m[39m[31m[1m^[22m[39m[31m[1m^[22m[39m[31m[1m^[22m[39m[31m[1m^[22m[39m[31m[1m^[22m[39m[31m[1m^[22m[39m[31m[1m^[22m[39m[31m[1m^[22m[39m[31m[1m^[22m[39m[31m[1m^[22m[39m[31m[1m^[22m[39m[31m[1m^[22m[39m[31m[1m^[22m[39m[31m[1m^[22m[39m[31m[1m^[22m[39m[31m[1m^[22m[39m[31m[1m^[22m[39m[31m[1m^[22m[39m[31m[1m^[22m[39m[31m[1m^[22m[39m[31m[1m^[22m[39m[31m[1m^[22m[39m
 [90m 153 |[39m         [36mawait[39m flattenTilesDirToWhite(tilesDir)[33m;[39m
 [90m 154 |[39m       }
 [90m 155 |[39m[0m

Overly broad patterns can lead to build performance issues and over bundling.


./src/app/api/tiles/[planId]/[z]/[x]/[y].png/route.ts:141:18
The file pattern ('/ROOT/private_tiles/' <dynamic> | '/ROOT/private_tiles' <dynamic>) matches 21430 files in [project]/
[0m [90m 139 |[39m     }
 [90m 140 |[39m
[31m[1m>[22m[39m[90m 141 |[39m     [36mconst[39m base [33m=[39m path[33m.[39mjoin(process[33m.[39mcwd()[33m,[39m [32m"private_tiles"[39m[33m,[39m planIdStr)[33m;[39m
 [90m     |[39m                  [31m[1m^[22m[39m[31m[1m^[22m[39m[31m[1m^[22m[39m[31m[1m^[22m[39m[31m[1m^[22m[39m[31m[1m^[22m[39m[31m[1m^[22m[39m[31m[1m^[22m[39m[31m[1m^[22m[39m[31m[1m^[22m[39m[31m[1m^[22m[39m[31m[1m^[22m[39m[31m[1m^[22m[39m[31m[1m^[22m[39m[31m[1m^[22m[39m[31m[1m^[22m[39m[31m[1m^[22m[39m[31m[1m^[22m[39m[31m[1m^[22m[39m[31m[1m^[22m[39m[31m[1m^[22m[39m[31m[1m^[22m[39m[31m[1m^[22m[39m[31m[1m^[22m[39m[31m[1m^[22m[39m[31m[1m^[22m[39m[31m[1m^[22m[39m[31m[1m^[22m[39m[31m[1m^[22m[39m[31m[1m^[22m[39m[31m[1m^[22m[39m[31m[1m^[22m[39m[31m[1m^[22m[39m[31m[1m^[22m[39m[31m[1m^[22m[39m[31m[1m^[22m[39m[31m[1m^[22m[39m[31m[1m^[22m[39m[31m[1m^[22m[39m[31m[1m^[22m[39m[31m[1m^[22m[39m[31m[1m^[22m[39m[31m[1m^[22m[39m[31m[1m^[22m[39m[31m[1m^[22m[39m[31m[1m^[22m[39m[31m[1m^[22m[39m[31m[1m^[22m[39m[31m[1m^[22m[39m[31m[1m^[22m[39m[31m[1m^[22m[39m[31m[1m^[22m[39m
 [90m 142 |[39m     [36mconst[39m metaPath [33m=[39m path[33m.[39mjoin(base[33m,[39m [32m"meta.json"[39m)[33m;[39m
 [90m 143 |[39m
 [90m 144 |[39m     [90m// Jeśli meta jeszcze nie ma (processing) → transparent (bez 404 spam)[39m[0m

Overly broad patterns can lead to build performance issues and over bundling.


./src/pages/api/plans/upload.ts:151:24
The file pattern ('/ROOT/private_tiles/' <dynamic> | '/ROOT/private_tiles' <dynamic>) matches 21430 files in [project]/
[0m [90m 149 |[39m
 [90m 150 |[39m       [90m// 2b) WAŻNE: usuń alpha z wygenerowanych kafli (naprawa “siwe” + kratka)[39m
[31m[1m>[22m[39m[90m 151 |[39m       [36mconst[39m tilesDir [33m=[39m path[33m.[39mjoin(webRoot[33m,[39m [32m"private_tiles"[39m[33m,[39m opts[33m.[39mplanId)[33m;[39m
 [90m     |[39m                        [31m[1m^[22m[39m[31m[1m^[22m[39m[31m[1m^[22m[39m[31m[1m^[22m[39m[31m[1m^[22m[39m[31m[1m^[22m[39m[31m[1m^[22m[39m[31m[1m^[22m[39m[31m[1m^[22m[39m[31m[1m^[22m[39m[31m[1m^[22m[39m[31m[1m^[22m[39m[31m[1m^[22m[39m[31m[1m^[22m[39m[31m[1m^[22m[39m[31m[1m^[22m[39m[31m[1m^[22m[39m[31m[1m^[22m[39m[31m[1m^[22m[39m[31m[1m^[22m[39m[31m[1m^[22m[39m[31m[1m^[22m[39m[31m[1m^[22m[39m[31m[1m^[22m[39m[31m[1m^[22m[39m[31m[1m^[22m[39m[31m[1m^[22m[39m[31m[1m^[22m[39m[31m[1m^[22m[39m[31m[1m^[22m[39m[31m[1m^[22m[39m[31m[1m^[22m[39m[31m[1m^[22m[39m[31m[1m^[22m[39m[31m[1m^[22m[39m[31m[1m^[22m[39m[31m[1m^[22m[39m[31m[1m^[22m[39m[31m[1m^[22m[39m[31m[1m^[22m[39m[31m[1m^[22m[39m[31m[1m^[22m[39m[31m[1m^[22m[39m[31m[1m^[22m[39m[31m[1m^[22m[39m[31m[1m^[22m[39m[31m[1m^[22m[39m[31m[1m^[22m[39m
 [90m 152 |[39m       [36mif[39m (fsSync[33m.[39mexistsSync(tilesDir)) {
 [90m 153 |[39m         [36mawait[39m flattenTilesDirToWhite(tilesDir)[33m;[39m
 [90m 154 |[39m       }[0m

Overly broad patterns can lead to build performance issues and over bundling.


✓ Compiled successfully in 6.8s
  Running TypeScript ...
  Collecting page data using 7 workers ...
  Generating static pages using 7 workers (0/20) ...
  Generating static pages using 7 workers (5/20) 
  Generating static pages using 7 workers (10/20) 
  Generating static pages using 7 workers (15/20) 
✓ Generating static pages using 7 workers (20/20) in 616.2ms
  Finalizing page optimization ...

Route (app)
┌ ƒ /
├ ○ /_not-found
├ ○ /admin/materials
├ ● /admin/orders/[id]/email
│ └ /admin/orders/1/email
├ ƒ /api/reports
├ ƒ /api/reports/[filename]
├ ƒ /api/reports/list
├ ƒ /api/smoke/list_tasks
├ ƒ /api/tiles/[planId]/[z]/[x]/[y].png
├ ƒ /api/tiles/[planId]/meta
├ ○ /auth/login
├ ○ /companies
├ ○ /completed
├ ○ /materials
├ ● /plan/[id]
│ └ /plan/1
├ ○ /plans
├ ○ /plans/upload
├ ○ /questions
├ ○ /reports
├ ● /task/[id]
│ └ /task/1
├ ○ /to-approve
└ ○ /users

Route (pages)
┌ ƒ /api/_disabled/tiles/[planId]/[z]/[x]/[y].png
├ ƒ /api/buildings
├ ƒ /api/companies
├ ƒ /api/companies/[id]/members
├ ƒ /api/floors
├ ƒ /api/material-categories
├ ƒ /api/materials
├ ƒ /api/me
├ ƒ /api/notification-settings
├ ƒ /api/order-items
├ ƒ /api/orders
├ ƒ /api/plan
├ ƒ /api/plans
├ ƒ /api/plans/pdf
├ ƒ /api/plans/pdf-url
├ ƒ /api/plans/upload
├ ƒ /api/profiles
├ ƒ /api/projects
├ ƒ /api/saved-buildings
├ ƒ /api/saved-emails
├ ƒ /api/send-email
├ ƒ /api/task
├ ƒ /api/task-comments
├ ƒ /api/task-history
├ ƒ /api/task-photos
├ ƒ /api/task-photos/batch
├ ƒ /api/tasks
├ ƒ /api/translate
└ ƒ /api/users

○  (Static)   prerendered as static content
●  (SSG)      prerendered as static HTML (uses generateStaticParams)
ƒ  (Dynamic)  server-rendered on demand

