
> web@0.1.0 build:mobile
> mv src/app/api src/api_bak && NEXT_PUBLIC_PLATFORM=mobile next build; exit_code=$?; mv src/api_bak src/app/api; exit $exit_code

▲ Next.js 16.1.6 (Turbopack)
- Environments: .env.local

  Creating an optimized production build ...
Found 1 warning while optimizing generated CSS:

[2m│   }[22m
[2m│ }[22m
[2m│[22m @import url("https://fonts.googleapis.com/css2?family=Source+Sans+3:wght@400;600;700;800&display=swap");
[2m┆[22m        [33m[2m^--[22m @import rules must precede all rules aside from @charset and @layer statements[39m
[2m┆[22m
[2m│ [data-theme="dark-blue"] {[22m
[2m│   --ui-bg: #94a3b8;[22m

Turbopack build encountered 3 warnings:
./src/pages/api/plans.ts:139:20
The file pattern ('/ROOT/private_tiles/' <dynamic> | '/ROOT/private_tiles' <dynamic> | '/ROOT/private_tiles/' | '/ROOT/private_tiles') matches 21430 files in [project]/
[0m [90m 137 |[39m   }
 [90m 138 |[39m
[31m[1m>[22m[39m[90m 139 |[39m   [36mconst[39m tilesDir [33m=[39m path[33m.[39mjoin(process[33m.[39mcwd()[33m,[39m [32m"private_tiles"[39m[33m,[39m planId)[33m;[39m
 [90m     |[39m                    [31m[1m^[22m[39m[31m[1m^[22m[39m[31m[1m^[22m[39m[31m[1m^[22m[39m[31m[1m^[22m[39m[31m[1m^[22m[39m[31m[1m^[22m[39m[31m[1m^[22m[39m[31m[1m^[22m[39m[31m[1m^[22m[39m[31m[1m^[22m[39m[31m[1m^[22m[39m[31m[1m^[22m[39m[31m[1m^[22m[39m[31m[1m^[22m[39m[31m[1m^[22m[39m[31m[1m^[22m[39m[31m[1m^[22m[39m[31m[1m^[22m[39m[31m[1m^[22m[39m[31m[1m^[22m[39m[31m[1m^[22m[39m[31m[1m^[22m[39m[31m[1m^[22m[39m[31m[1m^[22m[39m[31m[1m^[22m[39m[31m[1m^[22m[39m[31m[1m^[22m[39m[31m[1m^[22m[39m[31m[1m^[22m[39m[31m[1m^[22m[39m[31m[1m^[22m[39m[31m[1m^[22m[39m[31m[1m^[22m[39m[31m[1m^[22m[39m[31m[1m^[22m[39m[31m[1m^[22m[39m[31m[1m^[22m[39m[31m[1m^[22m[39m[31m[1m^[22m[39m[31m[1m^[22m[39m[31m[1m^[22m[39m[31m[1m^[22m[39m[31m[1m^[22m[39m[31m[1m^[22m[39m[31m[1m^[22m[39m[31m[1m^[22m[39m[31m[1m^[22m[39m[31m[1m^[22m[39m
 [90m 140 |[39m   [36mawait[39m fs[33m.[39mrm(tilesDir[33m,[39m { recursive[33m:[39m [36mtrue[39m[33m,[39m force[33m:[39m [36mtrue[39m })[33m.[39m[36mcatch[39m(() [33m=>[39m { })[33m;[39m
 [90m 141 |[39m
 [90m 142 |[39m   [36mconst[39m { data[33m:[39m replacement[33m,[39m error[33m:[39m replacementError } [33m=[39m [36mawait[39m admin[0m

Overly broad patterns can lead to build performance issues and over bundling.


./src/pages/api/plans/upload.ts:152:11
The file pattern ('/ROOT/private_tiles/' <dynamic> | '/ROOT/private_tiles' <dynamic>) matches 10715 files in [project]/
[0m [90m 150 |[39m       [90m// 2b) WAŻNE: usuń alpha z wygenerowanych kafli (naprawa “siwe” + kratka)[39m
 [90m 151 |[39m       [36mconst[39m tilesDir [33m=[39m path[33m.[39mjoin(webRoot[33m,[39m [32m"private_tiles"[39m[33m,[39m opts[33m.[39mplanId)[33m;[39m
[31m[1m>[22m[39m[90m 152 |[39m       [36mif[39m (fsSync[33m.[39mexistsSync(tilesDir)) {
 [90m     |[39m           [31m[1m^[22m[39m[31m[1m^[22m[39m[31m[1m^[22m[39m[31m[1m^[22m[39m[31m[1m^[22m[39m[31m[1m^[22m[39m[31m[1m^[22m[39m[31m[1m^[22m[39m[31m[1m^[22m[39m[31m[1m^[22m[39m[31m[1m^[22m[39m[31m[1m^[22m[39m[31m[1m^[22m[39m[31m[1m^[22m[39m[31m[1m^[22m[39m[31m[1m^[22m[39m[31m[1m^[22m[39m[31m[1m^[22m[39m[31m[1m^[22m[39m[31m[1m^[22m[39m[31m[1m^[22m[39m[31m[1m^[22m[39m[31m[1m^[22m[39m[31m[1m^[22m[39m[31m[1m^[22m[39m[31m[1m^[22m[39m[31m[1m^[22m[39m
 [90m 153 |[39m         [36mawait[39m flattenTilesDirToWhite(tilesDir)[33m;[39m
 [90m 154 |[39m       }
 [90m 155 |[39m[0m

Overly broad patterns can lead to build performance issues and over bundling.


./src/pages/api/plans/upload.ts:151:24
The file pattern ('/ROOT/private_tiles/' <dynamic> | '/ROOT/private_tiles' <dynamic>) matches 21430 files in [project]/
[0m [90m 149 |[39m
 [90m 150 |[39m       [90m// 2b) WAŻNE: usuń alpha z wygenerowanych kafli (naprawa “siwe” + kratka)[39m
[31m[1m>[22m[39m[90m 151 |[39m       [36mconst[39m tilesDir [33m=[39m path[33m.[39mjoin(webRoot[33m,[39m [32m"private_tiles"[39m[33m,[39m opts[33m.[39mplanId)[33m;[39m
 [90m     |[39m                        [31m[1m^[22m[39m[31m[1m^[22m[39m[31m[1m^[22m[39m[31m[1m^[22m[39m[31m[1m^[22m[39m[31m[1m^[22m[39m[31m[1m^[22m[39m[31m[1m^[22m[39m[31m[1m^[22m[39m[31m[1m^[22m[39m[31m[1m^[22m[39m[31m[1m^[22m[39m[31m[1m^[22m[39m[31m[1m^[22m[39m[31m[1m^[22m[39m[31m[1m^[22m[39m[31m[1m^[22m[39m[31m[1m^[22m[39m[31m[1m^[22m[39m[31m[1m^[22m[39m[31m[1m^[22m[39m[31m[1m^[22m[39m[31m[1m^[22m[39m[31m[1m^[22m[39m[31m[1m^[22m[39m[31m[1m^[22m[39m[31m[1m^[22m[39m[31m[1m^[22m[39m[31m[1m^[22m[39m[31m[1m^[22m[39m[31m[1m^[22m[39m[31m[1m^[22m[39m[31m[1m^[22m[39m[31m[1m^[22m[39m[31m[1m^[22m[39m[31m[1m^[22m[39m[31m[1m^[22m[39m[31m[1m^[22m[39m[31m[1m^[22m[39m[31m[1m^[22m[39m[31m[1m^[22m[39m[31m[1m^[22m[39m[31m[1m^[22m[39m[31m[1m^[22m[39m[31m[1m^[22m[39m[31m[1m^[22m[39m[31m[1m^[22m[39m[31m[1m^[22m[39m
 [90m 152 |[39m       [36mif[39m (fsSync[33m.[39mexistsSync(tilesDir)) {
 [90m 153 |[39m         [36mawait[39m flattenTilesDirToWhite(tilesDir)[33m;[39m
 [90m 154 |[39m       }[0m

Overly broad patterns can lead to build performance issues and over bundling.


✓ Compiled successfully in 6.1s
  Running TypeScript ...
  Collecting page data using 7 workers ...
  Generating static pages using 7 workers (0/19) ...
  Generating static pages using 7 workers (4/19) 
  Generating static pages using 7 workers (9/19) 
  Generating static pages using 7 workers (14/19) 
✓ Generating static pages using 7 workers (19/19) in 693.7ms
  Finalizing page optimization ...
⚠ Statically exporting a Next.js application via `next export` disables API routes and middleware.
This command is meant for static-only hosts, and is not necessary to make your application static.
Pages in your application without server-side data dependencies will be automatically statically exported by `next build`, including pages powered by `getStaticProps`.
Learn more: https://nextjs.org/docs/messages/api-routes-static-export
  Exporting using 7 workers (0/3) ...
✓ Exporting using 7 workers (3/3) in 419.3ms

Route (app)
┌ ○ /
├ ○ /_not-found
├ ○ /admin/materials
├ ● /admin/orders/[id]/email
│ └ /admin/orders/1/email
├ ○ /auth/login
├ ○ /companies
├ ○ /completed
├ ○ /materials
├ ● /plan/[id]
│ └ /plan/1
├ ○ /plans
├ ○ /plans/upload
├ ○ /questions
├ ○ /reports
├ ● /task/[id]
│ └ /task/1
├ ○ /to-approve
└ ○ /users

Route (pages)
┌ ƒ /api/_disabled/tiles/[planId]/[z]/[x]/[y].png
├ ƒ /api/buildings
├ ƒ /api/companies
├ ƒ /api/companies/[id]/members
├ ƒ /api/floors
├ ƒ /api/material-categories
├ ƒ /api/materials
├ ƒ /api/me
├ ƒ /api/notification-settings
├ ƒ /api/order-items
├ ƒ /api/orders
├ ƒ /api/plan
├ ƒ /api/plans
├ ƒ /api/plans/pdf
├ ƒ /api/plans/pdf-url
├ ƒ /api/plans/upload
├ ƒ /api/profiles
├ ƒ /api/projects
├ ƒ /api/saved-buildings
├ ƒ /api/saved-emails
├ ƒ /api/send-email
├ ƒ /api/task
├ ƒ /api/task-comments
├ ƒ /api/task-history
├ ƒ /api/task-photos
├ ƒ /api/task-photos/batch
├ ƒ /api/tasks
├ ƒ /api/translate
└ ƒ /api/users

○  (Static)   prerendered as static content
●  (SSG)      prerendered as static HTML (uses generateStaticParams)
ƒ  (Dynamic)  server-rendered on demand

